../Core/Src/main.c:62:6:HAL_TIM_PeriodElapsedCallback	16	static
../Core/Src/main.c:97:6:HAL_GPIO_EXTI_Rising_Callback	16	static
../Core/Src/main.c:106:6:LOW_POWER_CLK_CONFIG	136	static,ignoring_inline_asm
../Core/Src/main.c:161:5:main	16	static
../Core/Src/main.c:225:6:SystemClock_Config	88	static
../Core/Src/main.c:266:13:MX_TIM3_Init	64	static
../Core/Src/main.c:325:13:MX_TIM6_Init	24	static
../Core/Src/main.c:363:13:MX_GPIO_Init	48	static
../Core/Src/main.c:397:6:Error_Handler	8	static,ignoring_inline_asm
