../Core/Src/main.c:62:6:HAL_TIM_PeriodElapsedCallback	16	static
../Core/Src/main.c:99:6:HAL_GPIO_EXTI_Rising_Callback	16	static
../Core/Src/main.c:107:6:LOW_POWER_CLK_CONFIG	136	static,ignoring_inline_asm
../Core/Src/main.c:165:5:main	16	static
../Core/Src/main.c:226:6:SystemClock_Config	88	static
../Core/Src/main.c:267:13:MX_TIM3_Init	64	static
../Core/Src/main.c:326:13:MX_TIM6_Init	24	static
../Core/Src/main.c:364:13:MX_GPIO_Init	48	static
../Core/Src/main.c:398:6:Error_Handler	8	static,ignoring_inline_asm
